[    0.000000] Linux version 4.15.0-50-generic (buildd@lcy01-amd64-013) (gcc version 7.3.0 (Ubuntu 7.3.0-16ubuntu3)) #54-Ubuntu SMP Mon May 6 18:46:08 UTC 2019 (Ubuntu 4.15.0-50.54-generic 4.15.18)
[    0.000000] Command line: BOOT_IMAGE=/boot/vmlinuz-4.15.0-50-generic root=LABEL=cloudimg-rootfs ro console=tty1 console=ttyS0
[    0.000000] KERNEL supported cpus:
[    0.000000]   Intel GenuineIntel
[    0.000000]   AMD AuthenticAMD
[    0.000000]   Centaur CentaurHauls
[    0.000000] x86/fpu: x87 FPU will use FXSAVE
[    0.000000] e820: BIOS-provided physical RAM map:
[    0.000000] BIOS-e820: [mem 0x0000000000000000-0x000000000009fbff] usable
[    0.000000] BIOS-e820: [mem 0x000000000009fc00-0x000000000009ffff] reserved
[    0.000000] BIOS-e820: [mem 0x00000000000f0000-0x00000000000fffff] reserved
[    0.000000] BIOS-e820: [mem 0x0000000000100000-0x000000003ffeffff] usable
[    0.000000] BIOS-e820: [mem 0x000000003fff0000-0x000000003fffffff] ACPI data
[    0.000000] BIOS-e820: [mem 0x00000000fec00000-0x00000000fec00fff] reserved
[    0.000000] BIOS-e820: [mem 0x00000000fee00000-0x00000000fee00fff] reserved
[    0.000000] BIOS-e820: [mem 0x00000000fffc0000-0x00000000ffffffff] reserved
[    0.000000] NX (Execute Disable) protection: active
[    0.000000] SMBIOS 2.5 present.
[    0.000000] DMI: innotek GmbH VirtualBox/VirtualBox, BIOS VirtualBox 12/01/2006
[    0.000000] Hypervisor detected: KVM
[    0.000000] e820: last_pfn = 0x3fff0 max_arch_pfn = 0x400000000
[    0.000000] MTRR: Disabled
[    0.000000] x86/PAT: MTRRs disabled, skipping PAT initialization too.
[    0.000000] CPU MTRRs all blank - virtualized system.
[    0.000000] x86/PAT: Configuration [0-7]: WB  WT  UC- UC  WB  WT  UC- UC  
[    0.000000] found SMP MP-table at [mem 0x0009fff0-0x0009ffff] mapped at [        (ptrval)]
[    0.000000] Scanning 1 areas for low memory corruption
[    0.000000] RAMDISK: [mem 0x35add000-0x36d65fff]
[    0.000000] ACPI: Early table checksum verification disabled
[    0.000000] ACPI: RSDP 0x00000000000E0000 000024 (v02 VBOX  )
[    0.000000] ACPI: XSDT 0x000000003FFF0030 00003C (v01 VBOX   VBOXXSDT 00000001 ASL  00000061)
[    0.000000] ACPI: FACP 0x000000003FFF00F0 0000F4 (v04 VBOX   VBOXFACP 00000001 ASL  00000061)
[    0.000000] ACPI: DSDT 0x000000003FFF0470 0021FF (v02 VBOX   VBOXBIOS 00000002 INTL 20180105)
[    0.000000] ACPI: FACS 0x000000003FFF0200 000040
[    0.000000] ACPI: FACS 0x000000003FFF0200 000040
[    0.000000] ACPI: APIC 0x000000003FFF0240 00005C (v02 VBOX   VBOXAPIC 00000001 ASL  00000061)
[    0.000000] ACPI: SSDT 0x000000003FFF02A0 0001CC (v01 VBOX   VBOXCPUT 00000002 INTL 20180105)
[    0.000000] No NUMA configuration found
[    0.000000] Faking a node at [mem 0x0000000000000000-0x000000003ffeffff]
[    0.000000] NODE_DATA(0) allocated [mem 0x3ffc5000-0x3ffeffff]
[    0.000000] kvm-clock: cpu 0, msr 0:3ff44001, primary cpu clock
[    0.000000] kvm-clock: Using msrs 4b564d01 and 4b564d00
[    0.000000] kvm-clock: using sched offset of 8496737023 cycles
[    0.000000] clocksource: kvm-clock: mask: 0xffffffffffffffff max_cycles: 0x1cd42e4dffb, max_idle_ns: 881590591483 ns
[    0.000000] Zone ranges:
[    0.000000]   DMA      [mem 0x0000000000001000-0x0000000000ffffff]
[    0.000000]   DMA32    [mem 0x0000000001000000-0x000000003ffeffff]
[    0.000000]   Normal   empty
[    0.000000]   Device   empty
[    0.000000] Movable zone start for each node
[    0.000000] Early memory node ranges
[    0.000000]   node   0: [mem 0x0000000000001000-0x000000000009efff]
[    0.000000]   node   0: [mem 0x0000000000100000-0x000000003ffeffff]
[    0.000000] Reserved but unavailable: 114 pages
[    0.000000] Initmem setup node 0 [mem 0x0000000000001000-0x000000003ffeffff]
[    0.000000] ACPI: PM-Timer IO Port: 0x4008
[    0.000000] IOAPIC[0]: apic_id 2, version 32, address 0xfec00000, GSI 0-23
[    0.000000] ACPI: INT_SRC_OVR (bus 0 bus_irq 0 global_irq 2 dfl dfl)
[    0.000000] ACPI: INT_SRC_OVR (bus 0 bus_irq 9 global_irq 9 low level)
[    0.000000] Using ACPI (MADT) for SMP configuration information
[    0.000000] smpboot: Allowing 2 CPUs, 0 hotplug CPUs
[    0.000000] PM: Registered nosave memory: [mem 0x00000000-0x00000fff]
[    0.000000] PM: Registered nosave memory: [mem 0x0009f000-0x0009ffff]
[    0.000000] PM: Registered nosave memory: [mem 0x000a0000-0x000effff]
[    0.000000] PM: Registered nosave memory: [mem 0x000f0000-0x000fffff]
[    0.000000] e820: [mem 0x40000000-0xfebfffff] available for PCI devices
[    0.000000] Booting paravirtualized kernel on KVM
[    0.000000] clocksource: refined-jiffies: mask: 0xffffffff max_cycles: 0xffffffff, max_idle_ns: 7645519600211568 ns
[    0.000000] random: get_random_bytes called from start_kernel+0x99/0x4fd with crng_init=0
[    0.000000] setup_percpu: NR_CPUS:8192 nr_cpumask_bits:2 nr_cpu_ids:2 nr_node_ids:1
[    0.000000] percpu: Embedded 46 pages/cpu @        (ptrval) s151552 r8192 d28672 u1048576
[    0.000000] PV qspinlock hash table entries: 256 (order: 0, 4096 bytes)
[    0.000000] Built 1 zonelists, mobility grouping on.  Total pages: 257913
[    0.000000] Policy zone: DMA32
[    0.000000] Kernel command line: BOOT_IMAGE=/boot/vmlinuz-4.15.0-50-generic root=LABEL=cloudimg-rootfs ro console=tty1 console=ttyS0
[    0.000000] Memory: 983596K/1048120K available (12300K kernel code, 2474K rwdata, 4276K rodata, 2412K init, 2416K bss, 64524K reserved, 0K cma-reserved)
[    0.000000] SLUB: HWalign=64, Order=0-3, MinObjects=0, CPUs=2, Nodes=1
[    0.000000] Kernel/User page tables isolation: enabled
[    0.000000] ftrace: allocating 39233 entries in 154 pages
[    0.004000] Hierarchical RCU implementation.
[    0.004000] 	RCU restricting CPUs from NR_CPUS=8192 to nr_cpu_ids=2.
[    0.004000] 	Tasks RCU enabled.
[    0.004000] RCU: Adjusting geometry for rcu_fanout_leaf=16, nr_cpu_ids=2
[    0.004000] NR_IRQS: 524544, nr_irqs: 440, preallocated irqs: 16
[    0.004000] Console: colour VGA+ 80x25
[    0.004000] console [tty1] enabled
[    0.004000] console [ttyS0] enabled
[    0.004000] ACPI: Core revision 20170831
[    0.004000] ACPI: 2 ACPI AML tables successfully acquired and loaded
[    0.004000] APIC: Switch to symmetric I/O mode setup
[    0.004000] x2apic enabled
[    0.004000] Switched APIC routing to physical x2apic.
[    0.035288] ..TIMER: vector=0x30 apic1=0 pin1=2 apic2=-1 pin2=-1
[    0.036008] tsc: Detected 2294.682 MHz processor
[    0.040016] Calibrating delay loop (skipped) preset value.. 4589.36 BogoMIPS (lpj=9178728)
[    0.044011] pid_max: default: 32768 minimum: 301
[    0.048052] Security Framework initialized
[    0.052005] Yama: becoming mindful.
[    0.056058] AppArmor: AppArmor initialized
[    0.061513] Dentry cache hash table entries: 131072 (order: 8, 1048576 bytes)
[    0.064101] Inode-cache hash table entries: 65536 (order: 7, 524288 bytes)
[    0.068023] Mount-cache hash table entries: 2048 (order: 2, 16384 bytes)
[    0.072032] Mountpoint-cache hash table entries: 2048 (order: 2, 16384 bytes)
[    0.077158] mce: CPU supports 0 MCE banks
[    0.080615] Last level iTLB entries: 4KB 64, 2MB 8, 4MB 8
[    0.084004] Last level dTLB entries: 4KB 64, 2MB 0, 4MB 0, 1GB 4
[    0.088004] Spectre V2 : Mitigation: Full generic retpoline
[    0.092003] Spectre V2 : Spectre v2 / SpectreRSB mitigation: Filling RSB on context switch
[    0.096022] Speculative Store Bypass: Vulnerable
[    0.100127] MDS: Vulnerable: Clear CPU buffers attempted, no microcode
[    0.104192] Freeing SMP alternatives memory: 36K
[    0.112000] smpboot: CPU0: Intel(R) Xeon(R) CPU E5-2673 v4 @ 2.30GHz (family: 0x6, model: 0x4f, stepping: 0x1)
[    0.112109] Performance Events: unsupported p6 CPU model 79 no PMU driver, software events only.
[    0.116175] Hierarchical SRCU implementation.
[    0.120859] NMI watchdog: Perf event create on CPU 0 failed with -2
[    0.124003] NMI watchdog: Perf NMI watchdog permanently disabled
[    0.128072] smp: Bringing up secondary CPUs ...
[    0.132165] x86: Booting SMP configuration:
[    0.136010] .... node  #0, CPUs:      #1
[    0.004000] kvm-clock: cpu 1, msr 0:3ff44041, secondary cpu clock
[    0.004000] mce: CPU supports 0 MCE banks
[    0.178706] smp: Brought up 1 node, 2 CPUs
[    0.180015] smpboot: Max logical packages: 1
[    0.184023] smpboot: Total of 2 processors activated (9178.72 BogoMIPS)
[    0.188605] devtmpfs: initialized
[    0.192115] x86/mm: Memory block size: 128MB
[    0.196462] evm: security.selinux
[    0.200012] evm: security.SMACK64
[    0.204004] evm: security.SMACK64EXEC
[    0.208004] evm: security.SMACK64TRANSMUTE
[    0.212004] evm: security.SMACK64MMAP
[    0.216004] evm: security.apparmor
[    0.220004] evm: security.ima
[    0.224004] evm: security.capability
[    0.228321] clocksource: jiffies: mask: 0xffffffff max_cycles: 0xffffffff, max_idle_ns: 7645041785100000 ns
[    0.232014] futex hash table entries: 512 (order: 3, 32768 bytes)
[    0.236168] pinctrl core: initialized pinctrl subsystem
[    0.244957] RTC time: 18:20:28, date: 06/04/19
[    0.248870] NET: Registered protocol family 16
[    0.252206] audit: initializing netlink subsys (disabled)
[    0.256264] audit: type=2000 audit(1559672435.965:1): state=initialized audit_enabled=0 res=1
[    0.284012] cpuidle: using governor ladder
[    0.288014] cpuidle: using governor menu
[    0.292113] ACPI: bus type PCI registered
[    0.296009] acpiphp: ACPI Hot Plug PCI Controller Driver version: 0.5
[    0.304006] PCI: Using configuration type 1 for base access
[    0.312270] HugeTLB registered 2.00 MiB page size, pre-allocated 0 pages
[    0.320244] ACPI: Added _OSI(Module Device)
[    0.324151] ACPI: Added _OSI(Processor Device)
[    0.328006] ACPI: Added _OSI(3.0 _SCP Extensions)
[    0.332005] ACPI: Added _OSI(Processor Aggregator Device)
[    0.336034] ACPI: Added _OSI(Linux-Dell-Video)
[    0.340023] ACPI: Added _OSI(Linux-Lenovo-NV-HDMI-Audio)
[    0.344027] ACPI: Added _OSI(Linux-HPI-Hybrid-Graphics)
[    0.355192] ACPI: Executed 1 blocks of module-level executable AML code
[    0.366116] ACPI: Interpreter enabled
[    0.368021] ACPI: (supports S0 S5)
[    0.372004] ACPI: Using IOAPIC for interrupt routing
[    0.376903] PCI: Using host bridge windows from ACPI; if necessary, use "pci=nocrs" and report a bug
[    0.381625] ACPI: Enabled 2 GPEs in block 00 to 07
[    0.420858] ACPI: PCI Root Bridge [PCI0] (domain 0000 [bus 00-ff])
[    0.424010] acpi PNP0A03:00: _OSC: OS supports [ASPM ClockPM Segments MSI]
[    0.428105] acpi PNP0A03:00: _OSC: not requesting OS control; OS requires [ExtendedConfig ASPM ClockPM MSI]
[    0.432085] acpi PNP0A03:00: fail to add MMCONFIG information, can't access extended PCI configuration space under this bridge.
[    0.443581] PCI host bridge to bus 0000:00
[    0.444007] pci_bus 0000:00: root bus resource [io  0x0000-0x0cf7 window]
[    0.448007] pci_bus 0000:00: root bus resource [io  0x0d00-0xffff window]
[    0.452050] pci_bus 0000:00: root bus resource [mem 0x000a0000-0x000bffff window]
[    0.456047] pci_bus 0000:00: root bus resource [mem 0x40000000-0xfdffffff window]
[    0.460008] pci_bus 0000:00: root bus resource [bus 00-ff]
[    0.504757] pci 0000:00:01.1: legacy IDE quirk: reg 0x10: [io  0x01f0-0x01f7]
[    0.508007] pci 0000:00:01.1: legacy IDE quirk: reg 0x14: [io  0x03f6]
[    0.512006] pci 0000:00:01.1: legacy IDE quirk: reg 0x18: [io  0x0170-0x0177]
[    0.516006] pci 0000:00:01.1: legacy IDE quirk: reg 0x1c: [io  0x0376]
[    0.684584] pci 0000:00:07.0: quirk: [io  0x4000-0x403f] claimed by PIIX4 ACPI
[    0.688203] pci 0000:00:07.0: quirk: [io  0x4100-0x410f] claimed by PIIX4 SMB
[    0.827970] ACPI: PCI Interrupt Link [LNKA] (IRQs 5 9 10 *11)
[    0.836969] ACPI: PCI Interrupt Link [LNKB] (IRQs 5 9 *10 11)
[    0.840810] ACPI: PCI Interrupt Link [LNKC] (IRQs 5 *9 10 11)
[    0.848242] ACPI: PCI Interrupt Link [LNKD] (IRQs 5 9 10 *11)
[    0.855275] SCSI subsystem initialized
[    0.856521] pci 0000:00:02.0: vgaarb: setting as boot VGA device
[    0.860000] pci 0000:00:02.0: vgaarb: VGA device added: decodes=io+mem,owns=io+mem,locks=none
[    0.860030] pci 0000:00:02.0: vgaarb: bridge control possible
[    0.864015] vgaarb: loaded
[    0.868140] ACPI: bus type USB registered
[    0.872135] usbcore: registered new interface driver usbfs
[    0.876109] usbcore: registered new interface driver hub
[    0.880201] usbcore: registered new device driver usb
[    0.884284] EDAC MC: Ver: 3.0.0
[    0.892388] PCI: Using ACPI for IRQ routing
[    0.901405] NetLabel: Initializing
[    0.904004] NetLabel:  domain hash size = 128
[    0.908003] NetLabel:  protocols = UNLABELED CIPSOv4 CALIPSO
[    0.912035] NetLabel:  unlabeled traffic allowed by default
[    0.920741] clocksource: Switched to clocksource kvm-clock
[    0.957526] VFS: Disk quotas dquot_6.6.0
[    0.970934] VFS: Dquot-cache hash table entries: 512 (order 0, 4096 bytes)
[    1.114378] AppArmor: AppArmor Filesystem Enabled
[    1.117954] pnp: PnP ACPI init
[    1.144420] pnp: PnP ACPI: found 3 devices
[    1.216833] clocksource: acpi_pm: mask: 0xffffff max_cycles: 0xffffff, max_idle_ns: 2085701024 ns
[    1.220747] NET: Registered protocol family 2
[    1.275052] TCP established hash table entries: 8192 (order: 4, 65536 bytes)
[    1.632565] TCP bind hash table entries: 8192 (order: 5, 131072 bytes)
[    1.636427] TCP: Hash tables configured (established 8192 bind 8192)
[    1.636427] UDP hash table entries: 512 (order: 2, 16384 bytes)
[    1.636427] UDP-Lite hash table entries: 512 (order: 2, 16384 bytes)
[    1.636427] NET: Registered protocol family 1
[    1.636427] pci 0000:00:00.0: Limiting direct PCI/PCI transfers
[    1.892794] pci 0000:00:01.0: Activating ISA DMA hang workarounds
[    1.896174] pci 0000:00:02.0: Video device with shadowed ROM at [mem 0x000c0000-0x000dffff]
[    1.957360] Unpacking initramfs...
[    2.499185] Freeing initrd memory: 18980K
[    2.518470] clocksource: tsc: mask: 0xffffffffffffffff max_cycles: 0x2113955381f, max_idle_ns: 440795222875 ns
[    2.557885] platform rtc_cmos: registered platform RTC device (no PNP device found)
[    2.591044] Scanning for low memory corruption every 60 seconds
[    2.648230] Initialise system trusted keyrings
[    2.665792] Key type blacklist registered
[    2.681442] workingset: timestamp_bits=36 max_order=18 bucket_order=0
[    2.709202] zbud: loaded
[    2.722776] squashfs: version 4.0 (2009/01/31) Phillip Lougher
[    2.743078] fuse init (API version 7.26)
[    2.806584] Key type asymmetric registered
[    2.823058] Asymmetric key parser 'x509' registered
[    2.842730] Block layer SCSI generic (bsg) driver version 0.4 loaded (major 246)
[    2.872418] io scheduler noop registered
[    2.888333] io scheduler deadline registered
[    2.906384] io scheduler cfq registered (default)
[    2.925091] ACPI: AC Adapter [AC] (on-line)
[    2.941254] input: Power Button as /devices/LNXSYSTM:00/LNXPWRBN:00/input/input0
[    2.968568] ACPI: Power Button [PWRF]
[    2.984471] input: Sleep Button as /devices/LNXSYSTM:00/LNXSLPBN:00/input/input1
[    3.014713] ACPI: Sleep Button [SLPF]
[    3.034997] Serial: 8250/16550 driver, 32 ports, IRQ sharing enabled
[    3.158988] 00:02: ttyS0 at I/O 0x3f8 (irq = 4, base_baud = 115200) is a 16550A
[    3.186629] Linux agpgart interface v0.103
[    3.202765] loop: module loaded
[    3.218119] scsi host0: ata_piix
[    3.230340] scsi host1: ata_piix
[    3.241140] ata1: PATA max UDMA/33 cmd 0x1f0 ctl 0x3f6 bmdma 0xd000 irq 14
[    3.286704] ata2: PATA max UDMA/33 cmd 0x170 ctl 0x376 bmdma 0xd008 irq 15
[    3.309262] libphy: Fixed MDIO Bus: probed
[    3.324351] tun: Universal TUN/TAP device driver, 1.6
[    3.341320] PPP generic driver version 2.4.2
[    3.356949] ehci_hcd: USB 2.0 'Enhanced' Host Controller (EHCI) Driver
[    3.378003] ehci-pci: EHCI PCI platform driver
[    3.394118] ehci-platform: EHCI generic platform driver
[    3.412928] ohci_hcd: USB 1.1 'Open' Host Controller (OHCI) Driver
[    3.432812] ohci-pci: OHCI PCI platform driver
[    3.448550] ohci-platform: OHCI generic platform driver
[    3.465418] uhci_hcd: USB Universal Host Controller Interface driver
[    3.486791] i8042: PNP: PS/2 Controller [PNP0303:PS2K,PNP0f03:PS2M] at 0x60,0x64 irq 1,12
[    3.520978] serio: i8042 KBD port at 0x60,0x64 irq 1
[    3.539697] serio: i8042 AUX port at 0x60,0x64 irq 12
[    3.561796] mousedev: PS/2 mouse device common for all mice
[    3.591589] input: AT Translated Set 2 keyboard as /devices/platform/i8042/serio0/input/input2
[    3.629992] rtc_cmos rtc_cmos: rtc core: registered rtc_cmos as rtc0
[    3.659793] rtc_cmos rtc_cmos: alarms up to one day, 114 bytes nvram
[    3.682105] i2c /dev entries driver
[    3.702667] pcie_mp2_amd: AMD(R) PCI-E MP2 Communication Driver Version: 1.0
[    3.782854] device-mapper: uevent: version 1.0.3
[    3.805194] device-mapper: ioctl: 4.37.0-ioctl (2017-09-20) initialised: dm-devel@redhat.com
[    3.866617] ledtrig-cpu: registered to indicate activity on CPUs
[    3.907186] NET: Registered protocol family 10
[    3.938487] Segment Routing with IPv6
[    3.952296] NET: Registered protocol family 17
[    3.969286] Key type dns_resolver registered
[    3.985170] RAS: Correctable Errors collector initialized.
[    4.014601] sched_clock: Marking stable (4014153437, 0)->(7720060494, -3705907057)
[    4.054087] registered taskstats version 1
[    4.069810] Loading compiled-in X.509 certificates
[    4.098145] Loaded X.509 cert 'Build time autogenerated kernel key: 0d5cb4b7de8533fd8e7240d711ae9d354ea3dca1'
[    4.252696] zswap: loaded using pool lzo/zbud
[    4.314052] Key type big_key registered
[    4.335166] Key type trusted registered
[    4.367393] Key type encrypted registered
[    4.386235] AppArmor: AppArmor sha1 policy hashing enabled
[    4.416997] ima: No TPM chip found, activating TPM-bypass! (rc=-19)
[    4.441642] ima: Allocated hash algorithm: sha1
[    4.460287] evm: HMAC attrs: 0x1
[    4.480188]   Magic number: 7:480:341
[    4.497948] rtc_cmos rtc_cmos: setting system clock to 2019-06-04 18:20:33 UTC (1559672433)
[    4.531916] BIOS EDD facility v0.16 2004-Jun-25, 0 devices found
[    4.555218] EDD information not available.
[    4.585249] Freeing unused kernel image memory: 2412K
[    4.759394] Write protecting the kernel read-only data: 20480k
[    4.785155] Freeing unused kernel image memory: 2008K
[    4.810191] Freeing unused kernel image memory: 1868K
[    4.839437] x86/mm: Checked W+X mappings: passed, no W+X pages found.
[    4.861742] x86/mm: Checking user space page tables
[    4.888881] x86/mm: Checked W+X mappings: passed, no W+X pages found.
Loading, please wait...
starting version 237
[    5.223802] e1000: Intel(R) PRO/1000 Network Driver - version 7.3.21-k8-NAPI
[    5.255111] e1000: Copyright (c) 1999-2006 Intel Corporation.
[    5.293467] Fusion MPT base driver 3.04.20
[    5.309387] Copyright (c) 1999-2008 LSI Corporation
[    5.371116] Fusion MPT SPI Host driver 3.04.20
[    5.603479] input: ImExPS/2 Generic Explorer Mouse as /devices/platform/i8042/serio1/input/input4
[    7.048803] e1000 0000:00:03.0 eth0: (PCI:33MHz:32-bit) 02:89:59:7e:34:d3
[    7.069441] e1000 0000:00:03.0 eth0: Intel(R) PRO/1000 Network Connection
[    8.745271] e1000 0000:00:08.0 eth1: (PCI:33MHz:32-bit) 08:00:27:b1:71:27
[    8.772324] e1000 0000:00:08.0 eth1: Intel(R) PRO/1000 Network Connection
[    8.800262] mptbase: ioc0: Initiating bringup
[    9.587646] ioc0: LSI53C1030 A0: Capabilities={Initiator}
[   11.569360] scsi host2: ioc0: LSI53C1030 A0, FwRev=00000000h, Ports=1, MaxQ=256, IRQ=20
[   11.825850] scsi 2:0:0:0: Direct-Access     VBOX     HARDDISK         1.0  PQ: 0 ANSI: 5
[   11.897167] scsi target2:0:0: Beginning Domain Validation
[   11.940376] scsi target2:0:0: Domain Validation skipping write tests
[   11.966898] scsi target2:0:0: Ending Domain Validation
[   11.987833] scsi target2:0:0: asynchronous
[   12.006285] random: fast init done
[   12.023278] scsi 2:0:1:0: Direct-Access     VBOX     HARDDISK         1.0  PQ: 0 ANSI: 5
[   12.308386] scsi target2:0:1: Beginning Domain Validation
[   12.345193] scsi target2:0:1: Domain Validation skipping write tests
[   12.379905] scsi target2:0:1: Ending Domain Validation
[   12.405697] scsi target2:0:1: asynchronous
[   12.453508] random: systemd-udevd: uninitialized urandom read (16 bytes read)
[   12.495306] sd 2:0:0:0: [sda] 20971520 512-byte logical blocks: (10.7 GB/10.0 GiB)
[   12.535658] sd 2:0:0:0: Attached scsi generic sg0 type 0
[   12.562028] sd 2:0:1:0: Attached scsi generic sg1 type 0
[   12.566986] random: systemd-udevd: uninitialized urandom read (16 bytes read)
[   12.566991] random: systemd-udevd: uninitialized urandom read (16 bytes read)
[   12.673782] sd 2:0:1:0: [sdb] 20480 512-byte logical blocks: (10.5 MB/10.0 MiB)
[   12.688718] sd 2:0:0:0: [sda] Write Protect is off
[   12.725414] sd 2:0:1:0: [sdb] Write Protect is off
[   12.743851] sd 2:0:1:0: [sdb] Incomplete mode parameter data
[   12.766775] sd 2:0:0:0: [sda] Incomplete mode parameter data
[   12.766777] sd 2:0:0:0: [sda] Assuming drive cache: write through
[   12.810758] sd 2:0:1:0: [sdb] Assuming drive cache: write through
[   12.842045] sd 2:0:1:0: [sdb] Attached SCSI disk
[   12.862908]  sda: sda1
[   12.875233] sd 2:0:0:0: [sda] Attached SCSI disk
[   13.717221] e1000 0000:00:09.0 eth2: (PCI:33MHz:32-bit) 08:00:27:fc:a5:9c
[   13.738134] e1000 0000:00:09.0 eth2: Intel(R) PRO/1000 Network Connection
[   13.773636] e1000 0000:00:09.0 enp0s9: renamed from eth2
[   13.816947] e1000 0000:00:03.0 enp0s3: renamed from eth0
[   13.856811] e1000 0000:00:08.0 enp0s8: renamed from eth1
Begin: Loading essential drivers ... [   20.896250] raid6: sse2x1   gen()  4766 MB/s
[   20.960224] raid6: sse2x1   xor()  4175 MB/s
[   21.024307] raid6: sse2x2   gen()  7272 MB/s
[   21.084249] raid6: sse2x2   xor()  5968 MB/s
[   21.144564] raid6: sse2x4   gen()  9878 MB/s
[   21.204244] raid6: sse2x4   xor()  6822 MB/s
[   21.220152] raid6: using algorithm sse2x4 gen() 9878 MB/s
[   21.238979] raid6: .... xor() 6822 MB/s, rmw enabled
[   21.256687] raid6: using ssse3x2 recovery algorithm
[   21.277299] xor: measuring software checksum speed
[   21.375160]    prefetch64-sse: 33341.000 MB/sec
[   21.484813]    generic_sse: 37489.000 MB/sec
[   21.502888] xor: using function: generic_sse (37489.000 MB/sec)
[   21.528977] async_tx: api initialized (async)
done.
Begin: Running /scripts/init-premount ... done.
Begin: Mounting root file system ... Begin: Running /scripts/local-top ... done.
Begin: Running /scripts/local-premount ... [   21.692323] Btrfs loaded, crc32c=crc32c-intel
Scanning for Btrfs filesystems
done.
Warning: fsck not present, so skipping root file system
[   21.848762] EXT4-fs (sda1): mounted filesystem with ordered data mode. Opts: (null)
done.
Begin: Running /scripts/local-bottom ... done.
Begin: Running /scripts/init-bottom ... done.
[   22.272691] ip_tables: (C) 2000-2006 Netfilter Core Team
[   22.316641] systemd[1]: systemd 237 running in system mode. (+PAM +AUDIT +SELINUX +IMA +APPARMOR +SMACK +SYSVINIT +UTMP +LIBCRYPTSETUP +GCRYPT +GNUTLS +ACL +XZ +LZ4 +SECCOMP +BLKID +ELFUTILS +KMOD -IDN2 +IDN -PCRE2 default-hierarchy=hybrid)
[   22.380427] systemd[1]: Detected virtualization oracle.
[   22.399063] systemd[1]: Detected architecture x86-64.

Welcome to [1mUbuntu 18.04.2 LTS[0m!

[   22.488654] systemd[1]: Set hostname to <ubuntu>.
[   22.513136] systemd[1]: Initializing machine ID from random generator.
[   22.554145] systemd[1]: Installed transient /etc/machine-id file.
[   23.145919] systemd[1]: Created slice System Slice.
[[0;32m  OK  [0m] Created slice System Slice.
[   23.177534] systemd[1]: Listening on udev Kernel Socket.
[[0;32m  OK  [0m] Listening on udev Kernel Socket.
[   23.215791] systemd[1]: Listening on LVM2 metadata daemon socket.
[[0;32m  OK  [0m] Listening on LVM2 metadata daemon socket.
[   23.258879] systemd[1]: Listening on Device-mapper event daemon FIFOs.
[[0;32m  OK  [0m] Listening on Device-mapper event daemon FIFOs.
[[0;32m  OK  [0m] Listening on Journal Socket (/dev/log).
[[0;32m  OK  [0m] Listening on udev Control Socket.
[[0;32m  OK  [0m] Listening on Journal Socket.
         Starting Remount Root and Kernel File Systems...
         Starting Create list of required stâ€¦ce nodes for the current kernel...
         Mounting POSIX Message Queue File System...
[[0;32m  OK  [0m] Started Forward Password Requests to Wall Directory Watch.
         Mounting Kernel Debug File System...
[[0;32m  OK  [0m] Listening on Journal Audit Socket.
[[0;32m  OK  [0m] Listening on Network Service Netlink Socket.
[[0;32m  OK  [[   23.506921] EXT4-fs (sda1): re-mounted. Opts: (null)
0m] Set up automount Arbitrary Executabâ€¦rmats File System Automount Point.
[[0;32m  OK  [0m] Listening on /dev/initctl Compatibility Named Pipe.
         Starting Monitoring of LVM2 mirrorsâ€¦ng dmeventd or progress polling...
[[0;32m  OK  [0m] Reached target Swap.
         Starting Set the console keyboard layout...
         Mounting Huge Pages File System...
[[0;32m  OK  [0m] Listening on LVM2 poll daemon socket.
[[0;32m  OK  [0m] Reached target User and Group Name Lookups.
         Starting udev Coldplug all Devices...
[[0;32m  OK  [0m] Listening on Syslog Socket.
         Starting Uncomplicated firewall...
[[0;32m  OK  [0m] Created slice User and Session Slice.
[[0;32m  OK  [0m] Reached target Slices.
[[0;32m  OK  [0m] Reached target System Time Synchronized.
[[0;32m  OK  [0m] Created slice system-serial\x2dgetty.slice.
         Starting Journal Service...
         Starting Load Kernel Modules...
[[0;32m  OK  [0m] Started Remount Root and Kernel File Systems.
[[0;32m  OK  [0m] Started Create list of required staâ€¦vice nodes for the current kernel.
[[0;32m  OK  [0m] Mounted POSIX Message Queue File System.
[[0;32m  OK  [0m] Mounted Kernel Debug File System.
[[0;32m  OK  [0m] Mounted Huge Pages File System.
[[0;32m  OK  [0m] [   23.951910] Loading iSCSI transport class v2.0-870.
Started Journal Service.
[[0;32m  OK  [[   23.993045] iscsi: registered transport (tcp)
0m] Started Uncomplicated firewall.
[[0;32m  OK  [0m] Started LVM2 metadata daemon.
         Starting Create Static Device Nodes in /dev...
         Starting Load/Save Random Seed...
         Starting Flush Journal to Persistent Storage...
[[0;32m  OK  [0m] Started udev Coldplug all Devices.
[[0;32m  OK  [0m] Started Load/Save Random Seed.
[   24.253280] random: crng init done
[   24.268797] random: 7 urandom warning(s) missed due to ratelimiting
[[0;32m  OK  [0m] Started Monitoring of LVM2 mirrors,â€¦sing dmeventd or progress polling.
[   24.333716] systemd-journald[374]: Received request to flush runtime journal from PID 1
[[0;32m  OK  [0m] Started Create Static Device Nodes in /dev.
         Starting udev Kernel Device Manager...
[   24.446323] iscsi: registered transport (iser)
[[0;32m  OK  [0m] Started Flush Journal to Persistent Storage.
[[0;32m  OK  [0m] Started Load Kernel Modules.
         Mounting Kernel Configuration File System...
         Starting Apply Kernel Variables...
         Mounting FUSE Control File System...
[[0;32m  OK  [0m] Started udev Kernel Device Manager.
[[0;32m  OK  [0m] Mounted Kernel Configuration File System.
[[0;32m  OK  [0m] Started Apply Kernel Variables.
[[0;32m  OK  [0m] Mounted FUSE Control File System.
[[0;32m  OK  [0m] Found device /dev/ttyS0.
[[0;32m  OK  [0m] Listening on Load/Save RF Kill Switch Status /dev/rfkill Watch.
[[0;32m  OK  [0m] Started Set the console keyboard layout.
[[0;32m  OK  [0m] Started Dispatch Password Requests to Console Directory Watch.
[[0;32m  OK  [0m] Reached target Local Encrypted Volumes.
[[0;32m  OK  [0m] Reached target Local File Systems (Pre).
[[0;32m  OK  [0m] Reached target Local File Systems.
         Starting Set console font and keymap...
         Starting Create Volatile Files and Directories...
         Starting Commit a transient machine-id on disk...
         Starting AppArmor initialization...
         Starting ebtables ruleset management...
         Starting Tell Plymouth To Write Out Runtime Data...
[[0;32m  OK  [0m] Started Create Volatile Files and Directories.
         Starting Update UTMP about System Boot/Shutdown...
[[0;32m  OK  [0m] Started Set console font and keymap.
[[0;32m  OK  [0m] Started Update UTMP about System Boot/Shutdown.
[[0;32m  OK  [0m] Started Tell Plymouth To Write Out Runtime Data.
[[0;32m  OK  [0m] Started ebtables ruleset management.
[[0;32m  OK  [0m] Started Commit a transient machine-id on disk.
[[0;32m  OK  [0m] Started AppArmor initialization.
         Starting Initial cloud-init job (pre-networking)...
[   30.642787] cloud-init[586]: Cloud-init v. 19.1-1-gbaa47854-0ubuntu1~18.04.1 running 'init-local' at Tue, 04 Jun 2019 18:20:58 +0000. Up 29.97 seconds.
[[0;32m  OK  [0m] Started Initial cloud-init job (pre-networking).
[[0;32m  OK  [0m] Reached target Network (Pre).
         Starting Network Service...
[[0;32m  OK  [0m] Started Network Service.
         Starting Wait for Network to be Configured...
         Starting Network Name Resolution...
[[0;32m  OK  [0m] Started Network Name Resolution.
[[0;32m  OK  [0m] Reached target Host and Network Name Lookups.
[[0;32m  OK  [0m] Reached target Network.
[[0;32m  OK  [0m] Started Wait for Network to be Configured.
         Starting Initial cloud-init job (metadata service crawler)...
[   33.756402] cloud-init[703]: Cloud-init v. 19.1-1-gbaa47854-0ubuntu1~18.04.1 running 'init' at Tue, 04 Jun 2019 18:21:02 +0000. Up 33.50 seconds.
[   33.791670] cloud-init[703]: ci-info: ++++++++++++++++++++++++++++++++++++++Net device info+++++++++++++++++++++++++++++++++++++++
[   33.826266] cloud-init[703]: ci-info: +--------+-------+----------------------------+---------------+--------+-------------------+
[   33.872011] cloud-init[703]: ci-info: | Device |   Up  |          Address           |      Mask     | Scope  |     Hw-Address    |
[   33.898083] cloud-init[703]: ci-info: +--------+-------+----------------------------+---------------+--------+-------------------+
[   33.924696] cloud-init[703]: ci-info: | enp0s3 |  True |         10.0.2.15          | 255.255.255.0 | global | 02:89:59:7e:34:d3 |
[   33.955039] cloud-init[703]: ci-info: | enp0s3 |  True | fe80::89:59ff:fe7e:34d3/64 |       .       |  link  | 02:89:59:7e:34:d3 |
[   33.984697] cloud-init[703]: ci-info: | enp0s8 | False |             .              |       .       |   .    | 08:00:27:b1:71:27 |
[   34.010936] cloud-init[703]: ci-info: | enp0s9 | False |             .              |       .       |   .    | 08:00:27:fc:a5:9c |
[   34.038407] cloud-init[703]: ci-info: |   lo   |  True |         127.0.0.1          |   255.0.0.0   |  host  |         .         |
[   34.067904] cloud-init[703]: ci-info: |   lo   |  True |          ::1/128           |       .       |  host  |         .         |
[   34.095825] cloud-init[703]: ci-info: +--------+-------+----------------------------+---------------+--------+-------------------+
[   34.129903] cloud-init[703]: ci-info: ++++++++++++++++++++++++++++Route IPv4 info+++++++++++++++++++++++++++++
[   34.156994] cloud-init[703]: ci-info: +-------+-------------+----------+-----------------+-----------+-------+
[   34.198255] cloud-init[703]: ci-info: | Route | Destination | Gateway  |     Genmask     | Interface | Flags |
[   34.225662] cloud-init[703]: ci-info: +-------+-------------+----------+-----------------+-----------+-------+
[   34.254756] cloud-init[703]: ci-info: |   0   |   0.0.0.0   | 10.0.2.2 |     0.0.0.0     |   enp0s3  |   UG  |
[   34.281393] cloud-init[703]: ci-info: |   1   |   10.0.2.0  | 0.0.0.0  |  255.255.255.0  |   enp0s3  |   U   |
[   34.306273] cloud-init[703]: ci-info: |   2   |   10.0.2.2  | 0.0.0.0  | 255.255.255.255 |   enp0s3  |   UH  |
[   34.330922] cloud-init[703]: ci-info: +-------+-------------+----------+-----------------+-----------+-------+
[   34.362939] cloud-init[703]: ci-info: +++++++++++++++++++Route IPv6 info+++++++++++++++++++
[   34.414055] cloud-init[703]: ci-info: +-------+-------------+---------+-----------+-------+
[   34.442574] cloud-init[703]: ci-info: | Route | Destination | Gateway | Interface | Flags |
[   34.498730] cloud-init[703]: ci-info: +-------+-------------+---------+-----------+-------+
[   34.555195] cloud-init[703]: ci-info: |   1   |  fe80::/64  |    ::   |   enp0s3  |   U   |
[   34.582649] cloud-init[703]: ci-info: |   3   |    local    |    ::   |   enp0s3  |   U   |
[   34.626931] cloud-init[703]: ci-info: |   4   |   ff00::/8  |    ::   |   enp0s3  |   U   |
[   34.678095] cloud-init[703]: ci-info: +-------+-------------+---------+-----------+-------+
[   36.328984] cloud-init[703]: Generating public/private rsa key pair.
[   36.360530] cloud-init[703]: Your identification has been saved in /etc/ssh/ssh_host_rsa_key.
[   36.398762] cloud-init[703]: [[0;32m  OK  [0mYour public key has been saved in /etc/ssh/ssh_host_rsa_key.pub.
] Started Initial cloud-init job (metadata service crawler).
[   36.423900] cloud-init[703]: The key fingerprint is:
[   36.513368] cloud-init[703]: SHA256:fKNEAraG48a1swORn6u07W/3uAHN1MTXnj6vnEamJ4o root@ubuntu-bionic
[[0;32m  OK  [0m[   36.551277] cloud-init[703]: The key's randomart image is:
[   36.565667] cloud-init[703]: +---[RSA 2048]----+
[   36.573129] cloud-init[703]: |    o    ..  .   |
] Reached target Network is Online.
[   36.573312] cloud-init[703]: |   + o   o. . .  |
         [   36.657599] cloud-init[703]: |  = + . o .. . . |
[   36.661763] cloud-initStarting Availability of block devices...[703]: 
| o * o B      o  |
[   36.666121] cloud-init[703]: |  = = . S o  .   |
[[   36.726251] cloud-init[703]: | . . + o o .  =  |
[   36.729064] cloud-init[703]: |  . +   o    + o |
[0;32m  OK  [0m[   36.754589] cloud-init[703]: | . + .. .+  o.o..|
[   36.781305] cloud-init[703]: |  o.oo..Eoo. ++. |
[   36.784719] cloud-init[703]: +----[SHA256]-----+
[   36.805351] cloud-init[703]: Generating public/private dsa key pair.
[   36.824688] cloud-init[703]: Your identification has been saved in /etc/ssh/ssh_host_dsa_key.
[   36.842205] cloud-init[703]: Your public key has been saved in /etc/ssh/ssh_host_dsa_key.pub.
[   36.857151] cloud-init[703]: The key fingerprint is:
[   36.880048] cloud-init[703]: SHA256:W4Oa+2rZoLObSCBD5is+KqTEBTJsWc9WKW22ymxc3nk root@ubuntu-bionic
[   36.891425] cloud-init[703]: The key's randomart image is:
[   36.900009] cloud-init[703]: +---[DSA 1024]----+
[   36.913463] cloud-init[703]: |. o.  ...        |
[   36.913627] cloud-init[703]: |o=  o..=         |
[   36.913710] cloud-init[703]: |o+.  ++ .        |
[   36.913788] cloud-init[703]: |+  ..  o .       |
[   36.913887] cloud-init[703]: |=.. + + S +      |
[   36.913969] cloud-init[703]: |.*.  *.+ = E     |
[   36.914030] cloud-init[703]: |=.. ..o+. .      |
[   36.914327] cloud-init[703]: |=o .o.o..        |
[   36.914437] cloud-init[703]: |+.o +=oo.        |
[   36.914654] cloud-init[703]: +----[SHA256]-----+
[   36.924164] cloud-init[703]: Generating public/private ecdsa key pair.
[   36.929511] cloud-init[703]: Your identification has been saved in /etc/ssh/ssh_host_ecdsa_key.
[   36.929659] cloud-init[703]: Your public key has been saved in /etc/ssh/ssh_host_ecdsa_key.pub.
[   36.934440] cloud-init[703]: The key fingerprint is:
[   36.934600] cloud-init[703]: SHA256:NDQFvnfwOOaWQMHWDEl0ey7AVVE3QWCysoH5wbRLofE root@ubuntu-bionic
[   36.934714] cloud-init[703]: The key's randomart image is:
[   36.934880] cloud-init[703]: +---[ECDSA 256]---+
] Reached target Remote File Systems (Pre).
[   36.935211] cloud-init[703]: |       =OX+oo=++o|
[   37.246551] cloud-init[703]: |       +%==.+  ..|
[   37.258906] cloud-init[703]: |       =BEo..    |
[[0;32m  OK  [0m] Reached target Remote File Systems.
[   37.307580] cloud-init[703]: |       oo+**     |
[[0;32m  OK  [0m] Reached target System Initialization.
[   37.369715] [cloud-init[0;32m  OK  [0m[703]: ] |        S+* +    |Started Message of the Day.

[[0;32m  OK  [0m] Listening on UUID daemon activation socket.
[   37.403782] [[0;32m  OK  [0m] Listening on ACPID Listen Socket.
cloud-init[703]: |         = =     |
         Starting LXD - unix socket.
[[0;32m  OK  [0m] Listening on Open-iSCSI iscsid Socket.
[   37.459773] cloud-init[703]: |          +      |
[[0;32m  OK  [0m] Started ACPI Events Check.
[   37.526377] [cloud-init[0;32m  OK  [0m[703]: ] |         .       |
Reached target Paths.
[[0;32m  OK  [0m] Started Daily Cleanup of Temporary Directories.
[   37.571683] cloud-init[[0;32m  OK  [0m] Started Discard unused blocks once a week.
[[0;32m  OK  [0m] Started Daily apt download activities.
[[0;32m  OK  [0m] Started Daily apt upgrade and clean activities.
[703]: |                 |
[[0;32m  OK  [0m] Reached target Timers.
[   37.637666]          Starting Socket activation for snappy daemon.
[[0;32m  OK  [0m] Listening on D-Bus System Message Bus Socket.
cloud-init[703]: +----[SHA256]-----+
[   37.749719] [[0;32m  OK  [0m] Reached target Cloud-config availability.
[[0;32m  OK  [0m] Started Availability of block devices.
[[0;32m  OK  [0m] Listening on LXD - unix socket.
[[0;32m  OK  [0m] Listening on Socket activation for snappy daemon.
cloud-init[703]: Generating public/private ed25519 key pair.
[[0;32m  OK  [0m] Reached target Sockets.
[   37.865207] [[0;32m  OK  [0m] Reached target Basic System.
         Starting Pollinate to seed the pseudo random number generator...
         Starting LSB: Record successful boot for GRUB...
         Starting Permit User Sessions...
[[0;32m  OK  [0m] Started irqbalance daemon.
         Starting LSB: automatic crash report generation...
[[0;32m  OK  [0m] Started FUSE filesystem for LXC.
         Starting Dispatcher daemon for systemd-networkd...
         Starting System Logging Service...
cloud-init[703]: Your identification has been saved in /etc/ssh/ssh_host_ed25519_key.
         Starting Accounts Service...
[   38.097119] cloud-init[703]: Your public key has been saved in /etc/ssh/ssh_host_ed25519_key.pub.
[   38.168732] cloud-init[703]: The key fingerprint is:
[   38.185870] cloud-init[703]: SHA256:WYSk8WhWRkajGWjGyholWZQepKIrcws1XwKu/S+rbGU root@ubuntu-bionic
[   38.213606] cloud-init[703]: The key's randomart image is:
[   38.232153] cloud-init[703]: +--[ED25519 256]--+
[   38.261785] cloud-init[703]: | =+o .o+O..      |
[   38.286393] cloud-init[703]: |o.+ =  %.o       |
[   38.307077] cloud-init[[0;32m  OK  [0m] Started Regular background program processing daemon.
[[0;32m  OK  [0m] Started D-Bus System Message Bus.
[703]: |o=.=  B . .      |
[   38.405010] cloud-init[703]: |+.+. o   o       |         Starting Login Service...
         Starting Virtualbox guest utils...
[[0;32m  OK  [0m] Started Deferred execution scheduler.

[   38.497191] cloud-init[703]: |.o+ . . S        |
[   38.512692] cloud-init[703]: |.= oEo           |
[   38.524391] cloud-init[703]: |* oo.            |
[   38.541021] cloud-init[703]: |.=.o.            |
         Starting Snappy daemon...
         Starting LXD - container startup/shutdown...
[   38.562417] cloud-init[703]: | .+.o+.          |
[[   38.675568] cloud-init[0;32m  OK  [0m] Started System Logging Service.[703]: +----[SHA256]-----+

[[0;32m  OK  [0m] Started Permit User Sessions.
[[0;32m  OK  [0m] Started Login Service.
[[0;32m  OK  [0m] Started Unattended Upgrades Shutdown.
         Starting Authorization Manager...
         Starting Terminate Plymouth Boot Screen...
         Starting Hold until boot process finishes up...
[[0;32m  OK  [0m] Started LSB: automatic crash report generation.
[[0;32m  OK  [0m] Started Terminate Plymouth Boot Screen.
[[0;32m  OK  [0m] Started Hold until boot process finishes up.
[[0;32m  OK  [0m] Started Serial Getty on ttyS0.
         Starting Set console scheme...
[[0;32m  OK  [0m] Started Set console scheme.
[[0;32m  OK  [0m] Created slice system-getty.slice.
[[0;32m  OK  [0m] Started Getty on tty1.
[[0;32m  OK  [0m] Reached target Login Prompts.
[[0;32m  OK  [0m] Started LSB: Record successful boot for GRUB.
[[0;32m  OK  [0m] Started Authorization Manager.
[[0;32m  OK  [0m] Started Accounts Service.
[[0;32m  OK  [0m] Started Virtualbox guest utils.
[[0;32m  OK  [0m] Started LXD - container startup/shutdown.
[[0;32m  OK  [0m] Started Dispatcher daemon for systemd-networkd.
[[0;32m  OK  [0m] Started Snappy daemon.
         Starting Wait until snapd is fully seeded...
[[0;32m  OK  [0m] Started Pollinate to seed the pseudo random number generator.
         Starting OpenBSD Secure Shell server...
[[0;32m  OK  [0m] Started OpenBSD Secure Shell server.
[[0;32m  OK  [0m] Created slice User Slice of vagrant.
         Starting User Manager for UID 1000...
[[0;32m  OK  [0m] Started Session 1 of user vagrant.
[[0;32m  OK  [0m] Started User Manager for UID 1000.
[[0;32m  OK  [0m] Started Wait until snapd is fully seeded.
         Starting Apply the settings specified in cloud-config...
[[0;32m  OK  [0m] Reached target Multi-User System.
[[0;32m  OK  [0m] Reached target Graphical Interface.
         Starting Update UTMP about System Runlevel Changes...
[[0;32m  OK  [0m] Started Update UTMP about System Runlevel Changes.

Ubuntu 18.04.2 LTS ubuntu-bionic ttyS0

ubuntu-bionic login: [   46.664433] cloud-init[1242]: Cloud-init v. 19.1-1-gbaa47854-0ubuntu1~18.04.1 running 'modules:config' at Tue, 04 Jun 2019 18:21:14 +0000. Up 45.42 seconds.
ci-info: no authorized ssh keys fingerprints found for user ubuntu.
<14>Jun  4 18:21:17 ec2: 
<14>Jun  4 18:21:17 ec2: #############################################################
<14>Jun  4 18:21:17 ec2: -----BEGIN SSH HOST KEY FINGERPRINTS-----
<14>Jun  4 18:21:17 ec2: 1024 SHA256:W4Oa+2rZoLObSCBD5is+KqTEBTJsWc9WKW22ymxc3nk root@ubuntu-bionic (DSA)
<14>Jun  4 18:21:17 ec2: 256 SHA256:NDQFvnfwOOaWQMHWDEl0ey7AVVE3QWCysoH5wbRLofE root@ubuntu-bionic (ECDSA)
<14>Jun  4 18:21:17 ec2: 256 SHA256:WYSk8WhWRkajGWjGyholWZQepKIrcws1XwKu/S+rbGU root@ubuntu-bionic (ED25519)
<14>Jun  4 18:21:17 ec2: 2048 SHA256:fKNEAraG48a1swORn6u07W/3uAHN1MTXnj6vnEamJ4o root@ubuntu-bionic (RSA)
<14>Jun  4 18:21:17 ec2: -----END SSH HOST KEY FINGERPRINTS-----
<14>Jun  4 18:21:17 ec2: #############################################################
-----BEGIN SSH HOST KEY KEYS-----
ecdsa-sha2-nistp256 AAAAE2VjZHNhLXNoYTItbmlzdHAyNTYAAAAIbmlzdHAyNTYAAABBBMzT603ImS8eZx3fvLZNIOTm7JmDn+xMo0syYUg4EkG6xzXR1VPl052jDHzHa9uCi+qr3CRaTyaWcFOEdbBpe0g= root@ubuntu-bionic
ssh-ed25519 AAAAC3NzaC1lZDI1NTE5AAAAIKA/ozXLfWEYmubvS+l88KaPHTo2cqISZ5txJcHNBjsx root@ubuntu-bionic
ssh-rsa AAAAB3NzaC1yc2EAAAADAQABAAABAQDDrixllZUFfSGRn9Zf9yIWfL8C+/SdvOrup9uV7mgQHbLEd6KuhPIi86b6hMc0N70M2qjv1VC6SJ2ufZqzaq+VLb8tzU0cb1siMuFynp2h3rdJj+P05VCaxytQMSG4c47FitMPBGjo8DoRIoQpYl/h1kI1tJ7WN34DuI+HpQgAqft1SVPLLCQwU/BS3FxMvWFC9tUjEkL3H5H/CpBdTy8NFVVPuqSWzUnblp1fGlFd5AkDP1rOP7p46CbpmIRqKXaIebvnVKBRffngtucH0daZ9wrRFi8AUcEbnEqG9Kjfu73o5bIV+ZWog7hNhErRNlL4R3yFuD2niIMXr3Con/2z root@ubuntu-bionic
-----END SSH HOST KEY KEYS-----
[   48.293724] cloud-init[1391]: Cloud-init v. 19.1-1-gbaa47854-0ubuntu1~18.04.1 running 'modules:final' at Tue, 04 Jun 2019 18:21:16 +0000. Up 47.77 seconds.
[   48.293872] cloud-init[1391]: ci-info: no authorized ssh keys fingerprints found for user ubuntu.
[   48.293946] cloud-init[1391]: Cloud-init v. 19.1-1-gbaa47854-0ubuntu1~18.04.1 finished at Tue, 04 Jun 2019 18:21:17 +0000. Datasource DataSourceNoCloud [seed=/dev/sdb][dsmode=net].  Up 48.27 seconds
